
********************************************
***  GMAT Console Application
********************************************

General Mission Analysis Tool
Console Based Version
Build Date: Mar 26 2026  19:40:08


Moderator is updating data files...
Moderator is creating core engine...

dlopen(../plugins/libPythonInterface_py312.dylib, 0x0001): Library not loaded: /Library/Frameworks/Python.framework/Versions/3.12/Python
  Referenced from: <99158379-F0B4-3FA4-9699-705973D13D24> /Users/guillermomartin/Applications/GMAT R2026a/bin/GMAT-R2026a_Beta.app/Contents/plugins/libPythonInterface_py312.R2026a.dylib
  Reason: tried: '/Library/Frameworks/Python.framework/Versions/3.12/Python' (no such file), '/System/Volumes/Preboot/Cryptexes/OS/Library/Frameworks/Python.framework/Versions/3.12/Python' (no such file), '/Library/Frameworks/Python.framework/Versions/3.12/Python' (no such file)
*** Library "../plugins/libPythonInterface_py312" did not open.

dlopen(../plugins/libMatlabInterface.dylib, 0x0001): Library not loaded: @rpath/libmex.dylib
  Referenced from: <FBE220CF-4ACC-3FC3-96CF-2D9B5C608653> /Users/guillermomartin/Applications/GMAT R2026a/bin/GMAT-R2026a_Beta.app/Contents/plugins/libMatlabInterface.R2026a.dylib
  Reason: tried: '/Users/guillermomartin/Applications/GMAT R2026a/bin/GMAT-R2026a_Beta.app/Contents/plugins/../Frameworks/libmex.dylib' (no such file), '/Users/guillermomartin/Applications/GMAT R2026a/bin/GMAT-R2026a_Beta.app/Contents/plugins/../Frameworks/libmex.dylib' (no such file), '/Users/guillermomartin/Applications/GMAT R2026a/bin/GMAT-R2026a_Beta.app/Contents/Frameworks/libmex.dylib' (no such file), '/Users/guillermomartin/Applications/GMAT R2026a/bin/GMAT-R2026a_Beta.app/Contents/Frameworks/../plugins/libmex.dylib' (no such file), '/Users/guillermomartin/Applications/GMAT R2026a/bin/GMAT-R2026a_Beta.app/Contents/Frameworks/../plugins/proprietary/libmex.dylib' (no such file), '/Users/guillermomartin/Applications/GMAT R2026a/bin/GMAT-R2026a_Beta.app/Contents/MacOS/../Frameworks/libmex.dylib' (no such file)
*** Library "../plugins/libMatlabInterface" did not open.

dlopen(../plugins/libExternalForceModel_py312.dylib, 0x0001): Library not loaded: /Library/Frameworks/Python.framework/Versions/3.12/Python
  Referenced from: <E5537C3E-0F32-386A-BA1E-335E82668855> /Users/guillermomartin/Applications/GMAT R2026a/bin/GMAT-R2026a_Beta.app/Contents/plugins/libExternalForceModel_py312.R2026a.dylib
  Reason: tried: '/Library/Frameworks/Python.framework/Versions/3.12/Python' (no such file), '/System/Volumes/Preboot/Cryptexes/OS/Library/Frameworks/Python.framework/Versions/3.12/Python' (no such file), '/Library/Frameworks/Python.framework/Versions/3.12/Python' (no such file)
*** Library "../plugins/libExternalForceModel_py312" did not open.

dlopen(../plugins/proprietary/libCsaltInterface.dylib, 0x0001): tried: '../plugins/proprietary/libCsaltInterface.dylib' (no such file), '/System/Volumes/Preboot/Cryptexes/OS../plugins/proprietary/libCsaltInterface.dylib' (no such file), '/Users/guillermomartin/Applications/GMAT R2026a/bin/GMAT-R2026a_Beta.app/Contents/Frameworks/../plugins/proprietary/libCsaltInterface.dylib' (no such file), '/Users/guillermomartin/Applications/GMAT R2026a/bin/GMAT-R2026a_Beta.app/Contents/Frameworks/../plugins/../plugins/proprietary/libCsaltInterface.dylib' (no such file), '/Users/guillermomartin/Applications/GMAT R2026a/bin/GMAT-R2026a_Beta.app/Contents/Frameworks/../plugins/proprietary/../plugins/proprietary/libCsaltInterface.dylib' (no such file), '/Users/guillermomartin/Applications/GMAT R2026a/bin/GMAT-R2026a_Beta.app/Contents/MacOS/../Frameworks/../plugins/proprietary/libCsaltInterface.dylib' (no such file), '/usr/lib/../plugins/proprietary/libCsaltInterface.dylib' (no such file, not in dyld cache), '../plugins/proprietary/libCsaltInterface.dylib' (no such file)
*** Library "../plugins/proprietary/libCsaltInterface" did not open.

dlopen(../plugins/proprietary/libEMTGModels.dylib, 0x0001): tried: '../plugins/proprietary/libEMTGModels.dylib' (no such file), '/System/Volumes/Preboot/Cryptexes/OS../plugins/proprietary/libEMTGModels.dylib' (no such file), '/Users/guillermomartin/Applications/GMAT R2026a/bin/GMAT-R2026a_Beta.app/Contents/Frameworks/../plugins/proprietary/libEMTGModels.dylib' (no such file), '/Users/guillermomartin/Applications/GMAT R2026a/bin/GMAT-R2026a_Beta.app/Contents/Frameworks/../plugins/../plugins/proprietary/libEMTGModels.dylib' (no such file), '/Users/guillermomartin/Applications/GMAT R2026a/bin/GMAT-R2026a_Beta.app/Contents/Frameworks/../plugins/proprietary/../plugins/proprietary/libEMTGModels.dylib' (no such file), '/Users/guillermomartin/Applications/GMAT R2026a/bin/GMAT-R2026a_Beta.app/Contents/MacOS/../Frameworks/../plugins/proprietary/libEMTGModels.dylib' (no such file), '/usr/lib/../plugins/proprietary/libEMTGModels.dylib' (no such file, not in dyld cache), '../plugins/proprietary/libEMTGModels.dylib' (no such file)
*** Library "../plugins/proprietary/libEMTGModels" did not open.

dlopen(../plugins/proprietary/libMarsGRAM.dylib, 0x0001): tried: '../plugins/proprietary/libMarsGRAM.dylib' (no such file), '/System/Volumes/Preboot/Cryptexes/OS../plugins/proprietary/libMarsGRAM.dylib' (no such file), '/Users/guillermomartin/Applications/GMAT R2026a/bin/GMAT-R2026a_Beta.app/Contents/Frameworks/../plugins/proprietary/libMarsGRAM.dylib' (no such file), '/Users/guillermomartin/Applications/GMAT R2026a/bin/GMAT-R2026a_Beta.app/Contents/Frameworks/../plugins/../plugins/proprietary/libMarsGRAM.dylib' (no such file), '/Users/guillermomartin/Applications/GMAT R2026a/bin/GMAT-R2026a_Beta.app/Contents/Frameworks/../plugins/proprietary/../plugins/proprietary/libMarsGRAM.dylib' (no such file), '/Users/guillermomartin/Applications/GMAT R2026a/bin/GMAT-R2026a_Beta.app/Contents/MacOS/../Frameworks/../plugins/proprietary/libMarsGRAM.dylib' (no such file), '/usr/lib/../plugins/proprietary/libMarsGRAM.dylib' (no such file, not in dyld cache), '../plugins/proprietary/libMarsGRAM.dylib' (no such file)
*** Library "../plugins/proprietary/libMarsGRAM" did not open.

dlopen(../plugins/proprietary/libMsise86.dylib, 0x0001): tried: '../plugins/proprietary/libMsise86.dylib' (no such file), '/System/Volumes/Preboot/Cryptexes/OS../plugins/proprietary/libMsise86.dylib' (no such file), '/Users/guillermomartin/Applications/GMAT R2026a/bin/GMAT-R2026a_Beta.app/Contents/Frameworks/../plugins/proprietary/libMsise86.dylib' (no such file), '/Users/guillermomartin/Applications/GMAT R2026a/bin/GMAT-R2026a_Beta.app/Contents/Frameworks/../plugins/../plugins/proprietary/libMsise86.dylib' (no such file), '/Users/guillermomartin/Applications/GMAT R2026a/bin/GMAT-R2026a_Beta.app/Contents/Frameworks/../plugins/proprietary/../plugins/proprietary/libMsise86.dylib' (no such file), '/Users/guillermomartin/Applications/GMAT R2026a/bin/GMAT-R2026a_Beta.app/Contents/MacOS/../Frameworks/../plugins/proprietary/libMsise86.dylib' (no such file), '/usr/lib/../plugins/proprietary/libMsise86.dylib' (no such file, not in dyld cache), '../plugins/proprietary/libMsise86.dylib' (no such file)
*** Library "../plugins/proprietary/libMsise86" did not open.

dlopen(../plugins/proprietary/libSNOptimizer.dylib, 0x0001): tried: '../plugins/proprietary/libSNOptimizer.dylib' (no such file), '/System/Volumes/Preboot/Cryptexes/OS../plugins/proprietary/libSNOptimizer.dylib' (no such file), '/Users/guillermomartin/Applications/GMAT R2026a/bin/GMAT-R2026a_Beta.app/Contents/Frameworks/../plugins/proprietary/libSNOptimizer.dylib' (no such file), '/Users/guillermomartin/Applications/GMAT R2026a/bin/GMAT-R2026a_Beta.app/Contents/Frameworks/../plugins/../plugins/proprietary/libSNOptimizer.dylib' (no such file), '/Users/guillermomartin/Applications/GMAT R2026a/bin/GMAT-R2026a_Beta.app/Contents/Frameworks/../plugins/proprietary/../plugins/proprietary/libSNOptimizer.dylib' (no such file), '/Users/guillermomartin/Applications/GMAT R2026a/bin/GMAT-R2026a_Beta.app/Contents/MacOS/../Frameworks/../plugins/proprietary/libSNOptimizer.dylib' (no such file), '/usr/lib/../plugins/proprietary/libSNOptimizer.dylib' (no such file, not in dyld cache), '../plugins/proprietary/libSNOptimizer.dylib' (no such file)
*** Library "../plugins/proprietary/libSNOptimizer" did not open.

dlopen(../plugins/proprietary/libVF13Optimizer.dylib, 0x0001): tried: '../plugins/proprietary/libVF13Optimizer.dylib' (no such file), '/System/Volumes/Preboot/Cryptexes/OS../plugins/proprietary/libVF13Optimizer.dylib' (no such file), '/Users/guillermomartin/Applications/GMAT R2026a/bin/GMAT-R2026a_Beta.app/Contents/Frameworks/../plugins/proprietary/libVF13Optimizer.dylib' (no such file), '/Users/guillermomartin/Applications/GMAT R2026a/bin/GMAT-R2026a_Beta.app/Contents/Frameworks/../plugins/../plugins/proprietary/libVF13Optimizer.dylib' (no such file), '/Users/guillermomartin/Applications/GMAT R2026a/bin/GMAT-R2026a_Beta.app/Contents/Frameworks/../plugins/proprietary/../plugins/proprietary/libVF13Optimizer.dylib' (no such file), '/Users/guillermomartin/Applications/GMAT R2026a/bin/GMAT-R2026a_Beta.app/Contents/MacOS/../Frameworks/../plugins/proprietary/libVF13Optimizer.dylib' (no such file), '/usr/lib/../plugins/proprietary/libVF13Optimizer.dylib' (no such file, not in dyld cache), '../plugins/proprietary/libVF13Optimizer.dylib' (no such file)
*** Library "../plugins/proprietary/libVF13Optimizer" did not open.
Successfully set Planetary Source to use: DE405
Successfully set Planetary Source to use: DE405
Successfully set Planetary Source to use: DE405
Setting nutation file to ../data/planetary_coeff/NUTATION.DAT
Setting leap seconds file to ../data/time/tai-utc.dat
2026-10-05 18:26:05 GMAT Moderator successfully created core engine

Interpreting scripts from the file.
***** file: /var/folders/5w/95lz54h147x314g_8mg441380000gn/T/tmp4uln7f03/m1_two_body.script
Successfully set Planetary Source to use: DE405
Successfully set Planetary Source to use: DE405
Successfully interpreted the script
.................... Print out the whole sequence ........................................
   Command::NoOp
   Command::BeginMissionSequence
   Command::GMAT
   Command::Report
   Command::For
   ... branch 0::Propagate
   ... branch 0::GMAT
   ... branch 0::Report
   ... branch 0::EndFor
.................... End sequence ........................................................
Running mission...
Successfully set Planetary Source to use: DE405
Successfully set Planetary Source to use: DE405
Kernel ../data/planetary_ephem/spk/DE405AllPlanets.bsp has been loaded.
Kernel ../data/planetary_coeff/SPICEPlanetaryConstantsKernel.tpc has been loaded.
Kernel ../data/time/SPICELeapSecondKernel.tls has been loaded.
Kernel ../data/planetary_coeff/SPICEEarthPredictedKernel.bpc has been loaded.
Kernel ../data/planetary_coeff/SPICEEarthCurrentKernel.bpc has been loaded.
Kernel ../data/planetary_coeff/earth_latest_high_prec.bpc has been loaded.
Kernel ../data/planetary_coeff/SPICELunaCurrentKernel.bpc has been loaded.
Kernel ../data/planetary_coeff/SPICELunaFrameKernel.tf has been loaded.

Mission run completed.
===> Total Run Time: 0.232 seconds

========================================


*** GMAT Integration test (Console version) successful! ***

Moderator is deleting core engine...
